------------------------------------------------------------------------------------------------------------------------------------
      name:  <unnamed>
       log:  C:\Users\Matteo\Desktop\RESEARCH_POSITIONS\from_Daniel\Helemo\pianella_solution\log\pianella_solution_sierra_leone.log
  log type:  text
 opened on:  13 Nov 2020, 12:45:23

. 
. *first task: Survey design reconciliation
. 
. use .\dta\hh_nr_round1.dta, clear

. 
. split crop_l
variables created as string: 
crop_l1  crop_l2  crop_l3  crop_l4  crop_l5  crop_l6  crop_l7

. 
. forvalues i=1/7 {
  2. generate cropl_`i' = 1 if crop_l1=="`i'" | crop_l2=="`i'" | crop_l3=="`i'" | crop_l4=="`i'" | crop_l5=="`i'" | crop_l6=="`i'" |
>  crop_l7=="`i'"
  3. replace cropl_`i'=0 if cropl_`i'==.
  4. } // treated -111 as 0
(70 missing values generated)
(70 real changes made)
(64 missing values generated)
(64 real changes made)
(63 missing values generated)
(63 real changes made)
(69 missing values generated)
(69 real changes made)
(76 missing values generated)
(76 real changes made)
(74 missing values generated)
(74 real changes made)
(72 missing values generated)
(72 real changes made)

. 
. drop crop_l crop_l1 crop_l2 crop_l3 crop_l4 crop_l5 crop_l6 crop_l7

. 
. save .\dta\modified_hh_nr_round1.dta, replace
(note: file .\dta\modified_hh_nr_round1.dta not found)
file .\dta\modified_hh_nr_round1.dta saved

. 
. use .\dta\hh_round1.dta, clear

. 
. 
. append using ".\dta\modified_hh_nr_round1.dta"
(note: variable hhid was str13, now str14 to accommodate using data's values)

. drop cropl_9

. replace cropl_7=0 if cropl_7==.
(2,107 real changes made)

. label variable cropl_7 "Sorghum grown in any plot"

. move cropl_7 div_mon

. 
. save .\dta\final_hh_round1.dta, replace
(note: file .\dta\final_hh_round1.dta not found)
file .\dta\final_hh_round1.dta saved

. 
. *second task: String matching 
. 
. use .\dta\hh_round1_cand.dta, clear

. 
. preserve

. sort village first_choice_cand

. by village first_choice_cand: egen first_choice_count = count(first_choice_cand)

. collapse (mean) first_choice_count, by(village first_choice_cand)

. rename first_choice_cand candidate

. 
. save .\dta\first_choice_count.dta, replace
(note: file .\dta\first_choice_count.dta not found)
file .\dta\first_choice_count.dta saved

. restore

. 
. sort village second_choice_cand

. by village second_choice_cand: egen second_choice_count = count(second_choice_cand)

. collapse (mean) second_choice_count, by (village second_choice_cand)

. rename second_choice_cand candidate

. 
. merge 1:1 village  candidate using "C:\Users\Matteo\Desktop\RESEARCH_POSITIONS\from_Daniel\Helemo\pianella_solution\dta\first_choi
> ce_count.dta"

    Result                           # of obs.
    -----------------------------------------
    not matched                             9
        from master                         6  (_merge==1)
        from using                          3  (_merge==2)

    matched                                46  (_merge==3)
    -----------------------------------------

. 
. replace first_choice_count= 0 if first_choice_count==.
(6 real changes made)

. replace second_choice_count=0 if second_choice_count==.
(3 real changes made)

. bysort village: generate final_count = first_choice_count + second_choice_count

. bysort village: egen cand_rank=rank(final_count), field

. replace cand_rank=2 if cand_rank==1 & cand_rank[_n]==cand_rank[_n+1] //I assume that the ranking is calculated by counting the tot
> al - first choice plus second choice - number of votes. I break ties using first choices.  
(2 real changes made)

. sort village cand_rank first_choice_count

. drop if cand_rank>2
(35 observations deleted)

. 
. generate party = substr(candidate, strpos(candidate, "(") + 1, strpos(candidate, ")") - strpos(candidate, "(") - 1)

. bysort party: gen party_seats = _N

. 
. save .\dta\final_cand_choice.dta, replace
(note: file .\dta\final_cand_choice.dta not found)
file .\dta\final_cand_choice.dta saved

. 
. log close
      name:  <unnamed>
       log:  C:\Users\Matteo\Desktop\RESEARCH_POSITIONS\from_Daniel\Helemo\pianella_solution\log\pianella_solution_sierra_leone.log
  log type:  text
 closed on:  13 Nov 2020, 12:45:23
------------------------------------------------------------------------------------------------------------------------------------
